2026-02-18 18:02:49,611 [INFO] Initializing A.L.I.C.E. in idle mode (simulate=True)
2026-02-18 18:02:51,206 [INFO] Loaded CNN weights from /Users/hassaanvani/Desktop/Projects/ALICE/brain/weights/block_recognizer.pth
2026-02-18 18:02:51,206 [INFO] Initialization complete
2026-02-18 18:02:51,206 [INFO] Starting main loop
2026-02-18 18:02:51,208 [INFO] Hardware initialized
2026-02-18 18:02:51,208 [INFO] Narration disabled
2026-02-18 18:02:51,209 [INFO] server listening on 0.0.0.0:8767
2026-02-18 18:02:51,209 [INFO] Audience server on ws://0.0.0.0:8767
2026-02-18 18:02:51,211 [INFO] server listening on [::1]:8765
2026-02-18 18:02:51,211 [INFO] server listening on 127.0.0.1:8765
2026-02-18 18:02:51,211 [INFO] Tensor stream server started on ws://localhost:8765
2026-02-18 18:02:51,211 [INFO] server listening on 127.0.0.1:8766
2026-02-18 18:02:51,211 [INFO] server listening on [::1]:8766
2026-02-18 18:02:51,211 [INFO] Puppet server on ws://localhost:8766
2026-02-18 18:02:51,765 [INFO] connection open
2026-02-18 18:02:51,766 [INFO] Client connected. Total: 1
2026-02-18 18:02:51,772 [INFO] Camera streaming started for client
2026-02-18 18:02:52,210 [INFO] connection open
2026-02-18 18:02:52,210 [INFO] Client connected. Total: 2
2026-02-18 18:02:53,161 [INFO] connection open
2026-02-18 18:02:53,162 [INFO] Client connected. Total: 3
2026-02-18 18:02:53,176 [INFO] connection open
2026-02-18 18:02:53,176 [INFO] Client connected. Total: 4
2026-02-18 18:02:53,225 [INFO] connection open
2026-02-18 18:02:53,226 [INFO] Client connected. Total: 5
2026-02-18 18:02:53,246 [INFO] connection open
2026-02-18 18:02:53,246 [INFO] Client connected. Total: 6
2026-02-18 18:02:53,259 [INFO] connection open
2026-02-18 18:02:53,260 [INFO] Client connected. Total: 7
2026-02-18 18:02:53,278 [INFO] connection open
2026-02-18 18:02:53,278 [INFO] Client connected. Total: 8
2026-02-18 18:02:53,318 [INFO] Client disconnected. Total: 7
2026-02-18 18:02:53,319 [INFO] Client disconnected. Total: 6
2026-02-18 18:02:53,319 [INFO] Client disconnected. Total: 5
2026-02-18 18:02:53,350 [INFO] Camera streaming started for client
2026-02-18 18:02:53,491 [INFO] connection open
2026-02-18 18:02:53,491 [INFO] Client connected. Total: 6
2026-02-18 18:02:53,722 [INFO] connection open
2026-02-18 18:02:53,722 [INFO] Client connected. Total: 7
2026-02-18 18:02:53,803 [INFO] connection open
2026-02-18 18:02:53,803 [INFO] Client connected. Total: 8
2026-02-18 18:02:53,807 [INFO] Camera streaming started for client
2026-02-18 18:02:54,827 [INFO] connection open
2026-02-18 18:02:54,827 [INFO] Client connected. Total: 9
2026-02-18 18:02:54,847 [INFO] connection open
2026-02-18 18:02:54,847 [INFO] Client connected. Total: 10
2026-02-18 18:02:55,323 [INFO] connection open
2026-02-18 18:02:55,323 [INFO] Client connected. Total: 11
2026-02-18 18:02:55,324 [INFO] Camera streaming started for client
2026-02-18 18:02:55,747 [INFO] connection open
2026-02-18 18:02:55,747 [INFO] Client connected. Total: 12
2026-02-18 18:02:56,026 [INFO] connection open
2026-02-18 18:02:56,026 [INFO] Client connected. Total: 13
2026-02-18 18:02:56,320 [INFO] connection open
2026-02-18 18:02:56,321 [INFO] Client connected. Total: 14
2026-02-18 18:02:56,751 [INFO] connection open
2026-02-18 18:02:56,751 [INFO] Client connected. Total: 15
2026-02-18 18:02:57,171 [INFO] connection open
2026-02-18 18:02:57,171 [INFO] Client connected. Total: 16
2026-02-18 18:02:57,172 [INFO] Camera streaming started for client
2026-02-18 18:02:57,492 [INFO] connection open
2026-02-18 18:02:57,492 [INFO] Client connected. Total: 17
2026-02-18 18:02:57,494 [INFO] Camera streaming started for client
2026-02-18 18:04:23,158 [INFO] Client disconnected. Total: 16
2026-02-18 18:04:23,160 [INFO] Client disconnected. Total: 15
2026-02-18 18:04:23,160 [INFO] Client disconnected. Total: 14
2026-02-18 18:04:23,161 [INFO] Client disconnected. Total: 13
2026-02-18 18:04:23,161 [INFO] Client disconnected. Total: 12
2026-02-18 18:04:23,161 [INFO] connection open
2026-02-18 18:04:23,161 [INFO] Client connected. Total: 13
2026-02-18 18:04:23,173 [INFO] connection open
2026-02-18 18:04:23,173 [INFO] Client connected. Total: 14
2026-02-18 18:04:23,222 [INFO] connection open
2026-02-18 18:04:23,222 [INFO] Client connected. Total: 15
2026-02-18 18:04:23,224 [INFO] Camera streaming started for client
2026-02-18 18:04:23,247 [INFO] connection open
2026-02-18 18:04:23,247 [INFO] Client connected. Total: 16
2026-02-18 18:04:23,327 [INFO] connection open
2026-02-18 18:04:23,327 [INFO] Client connected. Total: 17
2026-02-18 18:04:23,399 [INFO] connection open
2026-02-18 18:04:23,399 [INFO] Client connected. Total: 18
2026-02-18 18:04:23,402 [INFO] Camera streaming started for client
2026-02-18 18:04:26,148 [INFO] connection open
2026-02-18 18:04:26,148 [INFO] Client connected. Total: 19
2026-02-18 18:04:26,151 [INFO] Camera streaming started for client
2026-02-18 18:04:26,174 [INFO] connection open
2026-02-18 18:04:26,174 [INFO] Client connected. Total: 20
2026-02-18 18:04:26,177 [INFO] Camera streaming started for client
2026-02-18 18:04:27,147 [INFO] connection open
2026-02-18 18:04:27,147 [INFO] Client connected. Total: 21
2026-02-18 18:04:27,159 [INFO] connection open
2026-02-18 18:04:27,159 [INFO] Client connected. Total: 22
2026-02-18 18:04:39,047 [INFO] Switching mode: idle -> puppeteer
2026-02-18 18:04:39,113 [INFO] Puppeteer mode - 'l' for live, 'r' to record, 'p' to playback, 'k' for kinesthetic, 'q' to quit
2026-02-18 18:05:27,515 [INFO] Switching mode: puppeteer -> auto_tetris
2026-02-18 18:05:27,521 [INFO] Loaded 6 key positions from tetris_key_calibration.json
2026-02-18 18:05:27,557 [ERROR] Mode loop error: 'NoneType' object has no attribute 'stop'
2026-02-18 18:05:28,086 [INFO] Auto-Tetris: arm plays tetr.io on physical keyboard
2026-02-18 18:05:28,086 [INFO] Tetris controller loop started
2026-02-18 18:05:45,058 [INFO] Switching mode: auto_tetris -> auto_sort
2026-02-18 18:05:45,458 [INFO] Tetris controller stopped after 3 cycles, 15 keys pressed
2026-02-18 18:05:45,459 [ERROR] Mode loop error: 'NoneType' object has no attribute 'cycles'
2026-02-18 18:05:45,988 [INFO] Auto-sort cycle 1: scrambling...
2026-02-18 18:05:45,988 [INFO] Sort state: rebellion
2026-02-18 18:05:46,004 [WARNING] No blocks detected for scramble
2026-02-18 18:05:46,005 [INFO] Auto-sort cycle 1: solving...
2026-02-18 18:05:46,012 [INFO] No more targets — solve done
2026-02-18 18:05:46,012 [INFO] Auto-sort cycle 1 complete
2026-02-18 18:05:49,683 [INFO] Auto-sort cycle 2: scrambling...
2026-02-18 18:05:49,694 [WARNING] No blocks detected for scramble
2026-02-18 18:05:49,694 [INFO] Auto-sort cycle 2: solving...
2026-02-18 18:05:49,702 [INFO] No more targets — solve done
2026-02-18 18:05:49,702 [INFO] Auto-sort cycle 2 complete
2026-02-18 18:05:53,313 [INFO] Auto-sort cycle 3: scrambling...
2026-02-18 18:05:53,322 [WARNING] No blocks detected for scramble
2026-02-18 18:05:53,324 [INFO] Auto-sort cycle 3: solving...
2026-02-18 18:05:53,332 [INFO] No more targets — solve done
2026-02-18 18:05:53,332 [INFO] Auto-sort cycle 3 complete
2026-02-18 18:05:56,957 [INFO] Auto-sort cycle 4: scrambling...
2026-02-18 18:05:56,967 [WARNING] No blocks detected for scramble
2026-02-18 18:05:56,967 [INFO] Auto-sort cycle 4: solving...
2026-02-18 18:05:56,976 [INFO] No more targets — solve done
2026-02-18 18:05:56,976 [INFO] Auto-sort cycle 4 complete
2026-02-18 18:05:58,163 [INFO] Switching mode: auto_sort -> idle
2026-02-18 18:06:06,913 [INFO] Switching mode: idle -> demo
2026-02-18 18:06:07,022 [INFO] Demo: scrambling blocks before Act 1
2026-02-18 18:06:07,029 [WARNING] No blocks detected for scramble
2026-02-18 18:06:07,030 [INFO] Act 1: Human Benchmark — sort the blocks!
2026-02-18 18:06:07,030 [INFO] Sort state: human_benchmark
2026-02-18 18:06:18,326 [INFO] Switching mode: demo -> puppeteer
2026-02-18 18:06:18,328 [ERROR] Mode loop error: 'NoneType' object has no attribute 'session'
2026-02-18 18:06:18,877 [INFO] Puppeteer mode - 'l' for live, 'r' to record, 'p' to playback, 'k' for kinesthetic, 'q' to quit
2026-02-18 18:08:08,068 [INFO] Client disconnected. Total: 21
2026-02-18 18:08:08,068 [INFO] Client disconnected. Total: 20
2026-02-18 18:08:08,068 [INFO] Client disconnected. Total: 19
2026-02-18 18:08:08,069 [INFO] Client disconnected. Total: 18
2026-02-18 18:08:08,069 [INFO] Client disconnected. Total: 17
2026-02-18 18:08:08,080 [INFO] Client disconnected. Total: 16
2026-02-18 18:08:08,080 [INFO] Client disconnected. Total: 15
2026-02-18 18:08:08,080 [INFO] Client disconnected. Total: 14
2026-02-18 18:08:08,435 [INFO] connection open
2026-02-18 18:08:08,435 [INFO] Client connected. Total: 15
2026-02-18 18:08:08,549 [INFO] connection open
2026-02-18 18:08:08,549 [INFO] Client connected. Total: 16
2026-02-18 18:08:08,582 [INFO] connection open
2026-02-18 18:08:08,582 [INFO] Client connected. Total: 17
2026-02-18 18:08:08,600 [INFO] Client disconnected. Total: 16
2026-02-18 18:08:08,601 [INFO] Client disconnected. Total: 15
2026-02-18 18:08:08,601 [INFO] Client disconnected. Total: 14
2026-02-18 18:08:08,601 [INFO] connection open
2026-02-18 18:08:08,601 [INFO] Client connected. Total: 15
2026-02-18 18:08:08,675 [INFO] connection open
2026-02-18 18:08:08,676 [INFO] Client connected. Total: 16
2026-02-18 18:08:08,700 [INFO] connection open
2026-02-18 18:08:08,700 [INFO] Client connected. Total: 17
2026-02-18 18:08:08,707 [INFO] Camera streaming started for client
2026-02-18 18:08:10,665 [INFO] connection open
2026-02-18 18:08:10,665 [INFO] Client connected. Total: 18
2026-02-18 18:08:10,667 [INFO] Camera streaming started for client
2026-02-18 18:08:11,602 [INFO] connection open
2026-02-18 18:08:11,602 [INFO] Client connected. Total: 19
2026-02-18 18:19:03,417 [INFO] Client disconnected. Total: 18
2026-02-18 18:19:03,421 [INFO] Client disconnected. Total: 17
2026-02-18 18:19:03,421 [INFO] Client disconnected. Total: 16
2026-02-18 18:19:03,421 [INFO] Client disconnected. Total: 15
2026-02-18 18:19:03,422 [INFO] Client disconnected. Total: 14
2026-02-18 18:19:04,031 [INFO] connection open
2026-02-18 18:19:04,032 [INFO] Client connected. Total: 15
2026-02-18 18:19:04,046 [INFO] connection open
2026-02-18 18:19:04,046 [INFO] Client connected. Total: 16
2026-02-18 18:19:04,175 [INFO] Client disconnected. Total: 14
2026-02-18 18:19:04,175 [INFO] Client disconnected. Total: 14
2026-02-18 18:19:04,177 [ERROR] opening handshake failed
Traceback (most recent call last):
  File "/Users/hassaanvani/Desktop/Projects/ALICE/venv/lib/python3.13/site-packages/websockets/asyncio/server.py", line 356, in conn_handler
    await connection.handshake(
    ...<3 lines>...
    )
  File "/Users/hassaanvani/Desktop/Projects/ALICE/venv/lib/python3.13/site-packages/websockets/asyncio/server.py", line 142, in handshake
    async with self.send_context(expected_state=CONNECTING):
               ~~~~~~~~~~~~~~~~~^^^^^^^^^^^^^^^^^^^^^^^^^^^
  File "/Users/hassaanvani/miniconda3/lib/python3.13/contextlib.py", line 214, in __aenter__
    return await anext(self.gen)
           ^^^^^^^^^^^^^^^^^^^^^
  File "/Users/hassaanvani/Desktop/Projects/ALICE/venv/lib/python3.13/site-packages/websockets/asyncio/connection.py", line 965, in send_context
    raise self.protocol.close_exc from original_exc
websockets.exceptions.ConnectionClosedError: no close frame received or sent
2026-02-18 18:19:04,232 [INFO] connection open
2026-02-18 18:19:04,232 [INFO] Client connected. Total: 15
2026-02-18 18:19:04,281 [INFO] connection open
2026-02-18 18:19:04,281 [INFO] Client connected. Total: 16
2026-02-18 18:19:04,281 [INFO] connection open
2026-02-18 18:19:04,281 [INFO] Client connected. Total: 17
2026-02-18 18:19:04,284 [INFO] Camera streaming started for client
2026-02-18 18:19:06,118 [INFO] connection open
2026-02-18 18:19:06,119 [INFO] Client connected. Total: 18
2026-02-18 18:19:06,123 [INFO] Camera streaming started for client
2026-02-18 18:19:07,094 [INFO] connection open
2026-02-18 18:19:07,094 [INFO] Client connected. Total: 19
2026-02-18 18:19:10,584 [INFO] Client disconnected. Total: 18
2026-02-18 18:19:10,585 [INFO] Client disconnected. Total: 17
2026-02-18 18:19:10,585 [INFO] Client disconnected. Total: 16
2026-02-18 18:19:10,585 [INFO] Client disconnected. Total: 15
2026-02-18 18:19:10,586 [INFO] Client disconnected. Total: 14
2026-02-18 18:19:12,583 [INFO] Client disconnected. Total: 13
2026-02-18 18:19:12,584 [INFO] Client disconnected. Total: 12
2026-02-18 18:19:12,584 [INFO] Client disconnected. Total: 11
2026-02-18 18:19:12,584 [INFO] Client disconnected. Total: 10
2026-02-18 18:19:12,584 [INFO] Client disconnected. Total: 9
2026-02-18 18:19:12,584 [INFO] Client disconnected. Total: 8
2026-02-18 18:19:12,584 [INFO] Client disconnected. Total: 7
2026-02-18 18:19:12,584 [INFO] Client disconnected. Total: 6
2026-02-18 18:19:12,584 [INFO] Client disconnected. Total: 5
2026-02-18 18:19:12,585 [INFO] Client disconnected. Total: 4
2026-02-18 18:19:12,585 [INFO] Client disconnected. Total: 3
2026-02-18 18:19:12,585 [INFO] Client disconnected. Total: 2
2026-02-18 18:19:12,585 [INFO] Client disconnected. Total: 1
2026-02-18 18:19:12,585 [INFO] Client disconnected. Total: 0
